     1                                  ;======================================================================
     2                                  ; 80x86 Monitor
     3                                  ; Ferry Hendrikx, April 2024
     4                                  ;======================================================================
     5                                  
     6                                  cpu 8086
     7                                  
     8                                  %include "config.inc"
     1                              <1> 
     2                              <1> %define BUILD       '20240415'
     3                              <1> %define VERSION     01h
     4                              <1> 
     5                              <1> %define START       0F000h
     6                              <1> 
     9                                  %include "delay.inc"
     1                              <1> ;======================================================================
     2                              <1> ; delay by a give number of milliseconds
     3                              <1> ; Dylan Hall, April 2024
     4                              <1> ;======================================================================
     5                              <1> ; CLK timings from https://zsmith.co/intel.php
     6                              <1> ; @ 20Mhz 1ms = 20000 CLK
     7                              <1> ; 13 CLK per inner loop, 8 for final inner loop
     8                              <1> ; 12 CLK per outer loop, 7 for final outer loop
     9                              <1> ; 19 + m once
    10                              <1> ; delay = 19 + m + ((ax - 1) * 12) + 7 + (ax * 13 * (bx - 1)) + (ax * 8)
    11                              <1> ; ax=1, bx = 1538 => 19 + m + 7 + (13 * 1537) + 8 => 20015 + m
    12                              <1> ; ax=1, bx = 1537 => 19 + m + 7 + (13 * 1536) + 8 => 20002 + m
    13                              <1> ; ax=2, bx = 1538 => 19 + m + (12 * 1) + 7 + (2 * 13 * 1537) + (2 * 8) => 40016 + m
    14                              <1> ; ax=2, bx = 1537 => 19 + m + (12 * 1) + 7 + (2 * 13 * 1536) + (2 * 8) => 39990 + m
    15                              <1> ; ax=60000, bx = 1538 => 19 + m + (12 * 59999) + 7 + (60000 * 13 * 1537) + (60000 * 8) => 1200060014 + m => 60003ms
    16                              <1> ; ax=60000, bx = 1537 => 19 + m + (12 * 59999) + 7 + (60000 * 13 * 1536) + (60000 * 8) => 1199280014 + m => 59964ms
    17                              <1> ; going with bx = 1538
    18                              <1> ;======================================================================
    19                              <1> 
    20                              <1> delay_ms:
    21 00000000 53                  <1>     push bx         ; CLK = 3
    22                              <1> delay_ms1:
    23 00000001 BB0206              <1>     mov bx,1538     ; CLK = 2
    24                              <1> delay_ms2:
    25 00000004 90                  <1>     nop             ; CLK = 3
    26 00000005 4B                  <1>     dec bx          ; CLK = 2
    27 00000006 75FC                <1>     jnz delay_ms2   ; CLK = 7 + 1 OR 3
    28 00000008 48                  <1>     dec ax          ; CLK = 2
    29 00000009 75F6                <1>     jnz delay_ms1   ; CLK = 7 + 1 OR 3
    30 0000000B 5B                  <1>     pop bx          ; CLK = 5
    31 0000000C C3                  <1>     ret             ; CLK = 11 + m
    32                              <1> 
    10                                  %include "led.inc"
     1                              <1> ;======================================================================
     2                              <1> ; set LEDs to bit pattern given in AL
     3                              <1> ;
     4                              <1> ; bits: 76543210
     5                              <1> ;======================================================================
     6                              <1> 
     7                              <1> set_leds:
     8 0000000D E608                <1>     out port_led,al
     9 0000000F C3                  <1>     ret
    10                              <1> 
    11                                  %include "macro.inc"
     1                              <1> ;=========================================================================
     2                              <1> ; macro.inc - Defines macros
     3                              <1> ;       setloc
     4                              <1> ;-------------------------------------------------------------------------
     5                              <1> ;
     6                              <1> ; Compiles with NASM 2.11.08, might work with other versions
     7                              <1> ;
     8                              <1> ; Copyright (C) 2010 - 2020 Sergey Kiselev.
     9                              <1> ; Provided for hobbyist use on the Xi 8088 and Micro 8088 boards.
    10                              <1> ;
    11                              <1> ; This program is free software: you can redistribute it and/or modify
    12                              <1> ; it under the terms of the GNU General Public License as published by
    13                              <1> ; the Free Software Foundation, either version 3 of the License, or
    14                              <1> ; (at your option) any later version.
    15                              <1> ;
    16                              <1> ; This program is distributed in the hope that it will be useful,
    17                              <1> ; but WITHOUT ANY WARRANTY; without even the implied warranty of
    18                              <1> ; MERCHANTABILITY or FITNESS FOR A PARTICULAR PURPOSE.  See the
    19                              <1> ; GNU General Public License for more details.
    20                              <1> ;
    21                              <1> ; You should have received a copy of the GNU General Public License
    22                              <1> ; along with this program.  If not, see <http://www.gnu.org/licenses/>.
    23                              <1> ;
    24                              <1> ;=========================================================================
    25                              <1> 
    26                              <1> ;=========================================================================
    27                              <1> ; setloc - Set location. Insert 0FFh bytes until specifed location is reached.
    28                              <1> ;-------------------------------------------------------------------------
    29                              <1> %imacro setloc  1.nolist
    30                              <1> %assign pad_bytes (%1-($-$$)-START)
    31                              <1> %if pad_bytes < 0
    32                              <1> %assign over_bytes -pad_bytes
    33                              <1> %error Preceding code extends beyond setloc location by over_bytes bytes
    34                              <1> %endif
    35                              <1> %if pad_bytes > 0
    36                              <1> %warning Inserting pad_bytes bytes
    37                              <1>  times  pad_bytes db 0FFh
    38                              <1> %endif
    39                              <1> %endm
    12                                  %include "print.inc"
     1                              <1> ;======================================================================
     2                              <1> ; Ferry Hendrikx, April 2024
     3                              <1> ;======================================================================
     4                              <1> 
     5                              <1> ;======================================================================
     6                              <1> ; print an ASCIIZ string as CS:SI to UART
     7                              <1> ;======================================================================
     8                              <1> 
     9                              <1> print_str:
    10 00000010 9C                  <1>     pushf
    11 00000011 50                  <1>     push ax
    12 00000012 53                  <1>     push bx
    13 00000013 56                  <1>     push si
    14 00000014 1E                  <1>     push ds
    15 00000015 0E                  <1>     push cs
    16 00000016 1F                  <1>     pop ds              ; CS => DS
    17 00000017 FC                  <1>     cld
    18                              <1> .loop:
    19 00000018 AC                  <1>     lodsb
    20 00000019 08C0                <1>     or al,al            ; are we done?
    21 0000001B 7404                <1>     jz .exit
    22 0000001D E616                <1>     out port_uart,al
    23 0000001F EBF7                <1>     jmp .loop
    24                              <1> 
    25                              <1> .exit:
    26 00000021 1F                  <1>     pop ds
    27 00000022 5E                  <1>     pop si
    28 00000023 5B                  <1>     pop bx
    29 00000024 58                  <1>     pop ax
    30 00000025 9D                  <1>     popf
    31 00000026 C3                  <1>     ret
    32                              <1> 
    33                              <1> ;======================================================================
    34                              <1> ; print a single character in AL
    35                              <1> ;======================================================================
    36                              <1> 
    37                              <1> print_chr:
    38 00000027 E616                <1>     out port_uart,al
    39 00000029 C3                  <1>     ret
    40                              <1> 
    41                              <1> ;======================================================================
    42                              <1> ; print a hex representation of the integer value in AL
    43                              <1> ;======================================================================
    44                              <1> 
    45                              <1> print_hex:
    46 0000002A 50                  <1>     push ax
    47 0000002B D0E8                <1>     shr al,1            ; shr al,4 not possible
    48 0000002D D0E8                <1>     shr al,1
    49 0000002F D0E8                <1>     shr al,1
    50 00000031 D0E8                <1>     shr al,1
    51 00000033 E80700              <1>     call .nibble
    52 00000036 58                  <1>     pop ax
    53 00000037 240F                <1>     and al,0fh
    54 00000039 E80100              <1>     call .nibble
    55 0000003C C3                  <1>     ret
    56                              <1> 
    57                              <1> .nibble:
    58 0000003D 3C09                <1>     cmp al,9
    59 0000003F 7F05                <1>     jg .letter
    60 00000041 0430                <1>     add al,30h          ; '0'
    61 00000043 E616                <1>     out port_uart,al
    62 00000045 C3                  <1>     ret
    63                              <1> 
    64                              <1> .letter:
    65 00000046 0437                <1>     add al,37h          ; 'A' - 10
    66 00000048 E616                <1>     out port_uart,al
    67 0000004A C3                  <1>     ret
    68                              <1> 
    13                                  
    14                                  ;======================================================================
    15                                  ; defines
    16                                  ;======================================================================
    17                                  
    18                                  cseg        equ 0F000h
    19                                  dseg        equ 01000h
    20                                  sseg        equ 07000h
    21                                  
    22                                  port_led    equ 08h
    23                                  port_uart   equ 16h
    24                                  
    25                                  org         START
    26                                  
    27                                  
    28                                  ;======================================================================
    29                                  ; monitor start
    30                                  ;======================================================================
    31                                  
    32                                  start:
    33                                  ; initialise SS/SP
    34 0000004B B80070                      mov ax,sseg
    35 0000004E 8ED0                        mov ss,ax
    36 00000050 BCFFFF                      mov sp,0FFFFh
    37                                  
    38 00000053 FA                          cli
    39 00000054 FC                          cld
    40                                  
    41                                  ; initialise interrupts
    42 00000055 0E                          push cs
    43 00000056 1F                          pop ds
    44                                  
    45 00000057 31FF                        xor di,di
    46 00000059 8EC7                        mov es,di
    47 0000005B BE[000F]                    mov si,interrupts
    48 0000005E B800F0                      mov ax,cseg
    49 00000061 B92000                      mov cx,32
    50                                  .copy:
    51 00000064 A5                          movsw               ; off (copied from table)
    52 00000065 AB                          stosw               ; seg (AX)
    53 00000066 E2FC                        loop .copy
    54                                  
    55                                  ; initialise DS
    56 00000068 B80010                      mov ax,dseg
    57 0000006B 8ED8                        mov ds,ax
    58                                  
    59                                  
    60                                  ; stage 1
    61                                  .start_test:
    62 0000006D B001                        mov al,1
    63 0000006F E89BFF                      call set_leds
    64 00000072 B8D007                      mov ax,2000
    65 00000075 E888FF                      call delay_ms
    66                                  
    67 00000078 CD03                        int 3
    68                                  
    69                                  
    70                                  ; stage 2
    71 0000007A B002                        mov al,2
    72 0000007C E88EFF                      call set_leds
    73 0000007F B8D007                      mov ax,2000
    74 00000082 E87BFF                      call delay_ms
    75                                  
    76 00000085 CD03                        int 3
    77                                  
    78                                  
    79                                  ; stage 3
    80 00000087 B004                        mov al,4
    81 00000089 E881FF                      call set_leds
    82 0000008C B8D007                      mov ax,2000
    83 0000008F E86EFF                      call delay_ms
    84                                  
    85 00000092 B708                        mov bh,8
    86 00000094 B000                        mov al,0
    87 00000096 F6F7                        div bh              ; div by zero
    88                                  
    89                                  
    90                                  ; finish
    91 00000098 B000                        mov al,0
    92 0000009A E870FF                      call set_leds
    93 0000009D EBCE                        jmp .start_test
    94                                  
    95                                  
    96                                  halt:
    97 0000009F F4                          hlt
    98 000000A0 EBFD                        jmp halt
    99                                  
   100                                  
   101                                  ;======================================================================
   102                                  ; intr_debug
   103                                  ;======================================================================
   104                                  
   105                                  int_debug:
   106 000000A2 50                          push ax
   107 000000A3 B0F0                        mov al,11110000b
   108 000000A5 E865FF                      call set_leds
   109 000000A8 58                          pop ax
   110 000000A9 CF                          iret
   111                                  
   112                                  
   113                                  ;======================================================================
   114                                  ; interrupts
   115                                  ;======================================================================
   116                                  
   117 000000AA FF<rep E56h>            setloc 0FF00h
   117          ******************       warning: Inserting 3670 bytes [-w+user]
   118                                  
   119                                  interrupts:
   120 00000F00 [A200]                      dw int_debug        ; 00 - divide by zero
   121 00000F02 [A200]                      dw int_debug        ; 01 - single step
   122 00000F04 [A200]                      dw int_debug        ; 02 - NMI
   123 00000F06 [A200]                      dw int_debug        ; 03 - breakpoint
   124 00000F08 [A200]                      dw int_debug        ; 04 - INTO overflow
   125 00000F0A [A200]                      dw int_debug        ; 05 - BOUND range
   126 00000F0C [A200]                      dw int_debug        ; 06 - invalid opcode
   127 00000F0E [A200]                      dw int_debug        ; 07 - extension not available
   128 00000F10 [A200]                      dw int_debug        ; 08 - interrupt table too small
   129 00000F12 [A200]                      dw int_debug        ; 09 - segment overrun
   130 00000F14 [A200]                      dw int_debug        ; 0A - reserved
   131 00000F16 [A200]                      dw int_debug        ; 0B - reserved
   132 00000F18 [A200]                      dw int_debug        ; 0C - reserved
   133 00000F1A [A200]                      dw int_debug        ; 0D - reserved
   134 00000F1C [A200]                      dw int_debug        ; 0E - reserved
   135 00000F1E [A200]                      dw int_debug        ; 0F - reserved
   136 00000F20 [A200]                      dw int_debug        ; 10 - extension error
   137 00000F22 [A200]                      dw int_debug        ; 11 - reserved
   138 00000F24 [A200]                      dw int_debug        ; 12 - reserved
   139 00000F26 [A200]                      dw int_debug        ; 13 - reserved
   140 00000F28 [A200]                      dw int_debug        ; 14 - reserved
   141 00000F2A [A200]                      dw int_debug        ; 15 - reserved
   142 00000F2C [A200]                      dw int_debug        ; 16 - reserved
   143 00000F2E [A200]                      dw int_debug        ; 17 - reserved
   144 00000F30 [A200]                      dw int_debug        ; 18 - reserved
   145 00000F32 [A200]                      dw int_debug        ; 19 - reserved
   146 00000F34 [A200]                      dw int_debug        ; 1A - reserved
   147 00000F36 [A200]                      dw int_debug        ; 1B - reserved
   148 00000F38 [A200]                      dw int_debug        ; 1C - reserved
   149 00000F3A [A200]                      dw int_debug        ; 1D - reserved
   150 00000F3C [A200]                      dw int_debug        ; 1E - reserved
   151 00000F3E [A200]                      dw int_debug        ; 1F - reserved
   152                                  
   153                                  
   154                                  ;======================================================================
   155                                  ; reset code (called on CPU reset)
   156                                  ;======================================================================
   157                                  
   158 00000F40 FF<rep B0h>             setloc 0FFF0h
   158          ******************       warning: Inserting 176 bytes [-w+user]
   159                                  
   160                                  reset:
   161 00000FF0 EA[4B00]00F0                jmp cseg:start
   162                                  
   163                                  
   164                                  setloc 0FFF5h
   165 00000FF5 3230323430343135            db BUILD
   166                                  
   167 00000FFD FF                      setloc 0FFFEh
   167          ******************       warning: Inserting 1 bytes [-w+user]
   168 00000FFE 01                          db VERSION
   169 00000FFF FF                          db 0FFh
   170                                  
